
> veria-panel@0.0.1 build
> vite build

vite v7.3.0 building client environment for production...
transforming...
Browserslist: browsers data (caniuse-lite) is 14 months old. Please run:
  npx update-browserslist-db@latest
  Why you should do it regularly: https://github.com/browserslist/update-db#readme

🌼   daisyUI 4.12.24
├─ ✔︎ 2 themes added		https://daisyui.com/docs/themes
╰─ ★ Star daisyUI on GitHub	https://github.com/saadeghi/daisyui

[1m[33m[@vue/compiler-sfc][0m[33m withDefaults() is unnecessary when using destructure with defineProps().
Reactive destructure will be disabled when using withDefaults().
Prefer using destructure default values, e.g. const { foo = 1 } = defineProps(...). 

/Users/kerloper/Developer/shahr-bank/admin-panel/src/base-components/Table/Table.vue
26 |  }
27 |  
28 |  const { dark, bordered, hover, striped, sm } = withDefaults(
   |                                                 ^^^^^^^^^^^^
29 |    defineProps<TableProps>(),
30 |    {[0m


🌼   daisyUI 4.12.24
├─ ✔︎ 2 themes added		https://daisyui.com/docs/themes
╰─ ★ Star daisyUI on GitHub	https://github.com/saadeghi/daisyui

✓ 1728 modules transformed.
rendering chunks...
computing gzip size...
dist/index.html                                   0.53 kB │ gzip:   0.38 kB
dist/assets/logo-BprvoI2a.png                     9.67 kB
dist/assets/account-avatar-icon-BXu7vEdP.svg    129.60 kB │ gzip:  96.81 kB
dist/assets/index-CpgwO4YD.css                  339.92 kB │ gzip:  48.32 kB
dist/assets/index-CNoXpfby.js                 2,806.28 kB │ gzip: 763.72 kB

(!) Some chunks are larger than 500 kB after minification. Consider:
- Using dynamic import() to code-split the application
- Use build.rollupOptions.output.manualChunks to improve chunking: https://rollupjs.org/configuration-options/#output-manualchunks
- Adjust chunk size limit for this warning via build.chunkSizeWarningLimit.
✓ built in 20.85s
